[debug] [2026-06-02T10:08:42.556Z] ----------------------------------------------------------------------
[debug] [2026-06-02T10:08:42.559Z] Command:       C:\Program Files\nodejs\node.exe C:\Users\Admin\AppData\Roaming\npm\node_modules\firebase-tools\lib\bin\firebase.js init hosting
[debug] [2026-06-02T10:08:42.559Z] CLI Version:   15.19.0
[debug] [2026-06-02T10:08:42.560Z] Platform:      win32
[debug] [2026-06-02T10:08:42.560Z] Node Version:  v24.14.1
[debug] [2026-06-02T10:08:42.560Z] Time:          Tue Jun 02 2026 17:08:42 GMT+0700 (Giờ Đông Dương)
[debug] [2026-06-02T10:08:42.560Z] ----------------------------------------------------------------------
[debug] 
[debug] [2026-06-02T10:08:42.562Z] >>> [apiv2][query] GET https://firebase-public.firebaseio.com/cli.json [none]
[info] 
     ######## #### ########  ######## ########     ###     ######  ########
     ##        ##  ##     ## ##       ##     ##  ##   ##  ##       ##
     ######    ##  ########  ######   ########  #########  ######  ######
     ##        ##  ##    ##  ##       ##     ## ##     ##       ## ##
     ##       #### ##     ## ######## ########  ##     ##  ######  ########

You're about to initialize a Firebase project in this directory:

  D:\Web-Goi-Y-Phim

[debug] [2026-06-02T10:08:44.292Z] <<< [apiv2][status] GET https://firebase-public.firebaseio.com/cli.json 200
[debug] [2026-06-02T10:08:44.292Z] <<< [apiv2][body] GET https://firebase-public.firebaseio.com/cli.json {"cloudBuildErrorAfter":1594252800000,"cloudBuildWarnAfter":1590019200000,"defaultNode10After":1594252800000,"minVersion":"3.0.5","node8DeploysDisabledAfter":1613390400000,"node8RuntimeDisabledAfter":1615809600000,"node8WarnAfter":1600128000000}
[info] 
=== Project Setup
[info] 
[info] First, let's associate this project directory with a Firebase project.
[info] You can create multiple project aliases by running firebase use --add, 
[info] 
[debug] [2026-06-02T10:09:05.750Z] > command requires scopes: ["email","openid","https://www.googleapis.com/auth/cloudplatformprojects.readonly","https://www.googleapis.com/auth/firebase","https://www.googleapis.com/auth/cloud-platform"]
[debug] [2026-06-02T10:09:05.750Z] > authorizing via signed-in user (phuongtruong121204@gmail.com)
[debug] [2026-06-02T10:09:05.751Z] Checked if tokens are valid: false, expires at: 1780055608875
[debug] [2026-06-02T10:09:05.752Z] Checked if tokens are valid: false, expires at: 1780055608875
[debug] [2026-06-02T10:09:05.752Z] > refreshing access token with scopes: []
[debug] [2026-06-02T10:09:05.753Z] >>> [apiv2][query] POST https://www.googleapis.com/oauth2/v3/token [none]
[debug] [2026-06-02T10:09:05.753Z] >>> [apiv2][body] POST https://www.googleapis.com/oauth2/v3/token [omitted]
[debug] [2026-06-02T10:09:05.983Z] <<< [apiv2][status] POST https://www.googleapis.com/oauth2/v3/token 200
[debug] [2026-06-02T10:09:05.984Z] <<< [apiv2][body] POST https://www.googleapis.com/oauth2/v3/token [omitted]
[debug] [2026-06-02T10:09:05.995Z] >>> [apiv2][query] GET https://firebase.googleapis.com/v1beta1/projects pageSize=100
[debug] [2026-06-02T10:09:06.645Z] <<< [apiv2][status] GET https://firebase.googleapis.com/v1beta1/projects 200
[debug] [2026-06-02T10:09:06.645Z] <<< [apiv2][body] GET https://firebase.googleapis.com/v1beta1/projects [omitted]
[info] 
=== Hosting Setup
[debug] [2026-06-02T10:09:12.288Z] Checked if tokens are valid: true, expires at: 1780398544984
[debug] [2026-06-02T10:09:12.288Z] Checked if tokens are valid: true, expires at: 1780398544984
[debug] [2026-06-02T10:09:12.288Z] >>> [apiv2][query] GET https://firebase.googleapis.com/v1beta1/projects/myapplication-d590e649 [none]
[debug] [2026-06-02T10:09:12.725Z] <<< [apiv2][status] GET https://firebase.googleapis.com/v1beta1/projects/myapplication-d590e649 200
[debug] [2026-06-02T10:09:12.725Z] <<< [apiv2][body] GET https://firebase.googleapis.com/v1beta1/projects/myapplication-d590e649 {"projectId":"myapplication-d590e649","projectNumber":"901342662254","name":"projects/myapplication-d590e649","resources":{"hostingSite":"myapplication-d590e649"},"state":"ACTIVE","etag":"1_56ebd4ed-4843-47bd-8916-4e813f3aff14"}
[info] 
[info] Your public directory is the folder (relative to your project directory) that
[info] will contain Hosting assets to be uploaded with firebase deploy. If you
[info] have a build process for your assets, use your build's output directory.
[info] 
[info] 
[info] i  Detected a .git folder at D:\Web-Goi-Y-Phim 
[info] i  Authorizing with GitHub to upload your service account to a GitHub repository's secrets store. 
[info] 
[info] Visit this URL on this device to log in:
[info] https://github.com/login/oauth/authorize?client_id=89cf50f02ac6aaed3484&state=1031575306&redirect_uri=http%3A%2F%2Flocalhost%3A9005&scope=read%3Auser%20repo%20public_repo
[info] 
[info] Waiting for authentication...
